Archive member included to satisfy reference by file (symbol)

D:/ST/STM32CubeIDE_1.14.0/STM32CubeIDE/plugins/com.st.stm32cube.ide.mcu.externaltools.gnu-tools-for-stm32.11.3.rel1.win32_1.1.100.202309141235/tools/bin/../lib/gcc/arm-none-eabi/11.3.1/../../../../arm-none-eabi/lib/thumb/v7e-m/nofp\libc_nano.a(libc_a-exit.o)
                              D:/ST/STM32CubeIDE_1.14.0/STM32CubeIDE/plugins/com.st.stm32cube.ide.mcu.externaltools.gnu-tools-for-stm32.11.3.rel1.win32_1.1.100.202309141235/tools/bin/../lib/gcc/arm-none-eabi/11.3.1/../../../../arm-none-eabi/lib/thumb/v7e-m/nofp/crt0.o (exit)
D:/ST/STM32CubeIDE_1.14.0/STM32CubeIDE/plugins/com.st.stm32cube.ide.mcu.externaltools.gnu-tools-for-stm32.11.3.rel1.win32_1.1.100.202309141235/tools/bin/../lib/gcc/arm-none-eabi/11.3.1/../../../../arm-none-eabi/lib/thumb/v7e-m/nofp\libc_nano.a(libc_a-findfp.o)
                              D:/ST/STM32CubeIDE_1.14.0/STM32CubeIDE/plugins/com.st.stm32cube.ide.mcu.externaltools.gnu-tools-for-stm32.11.3.rel1.win32_1.1.100.202309141235/tools/bin/../lib/gcc/arm-none-eabi/11.3.1/../../../../arm-none-eabi/lib/thumb/v7e-m/nofp\libc_nano.a(libc_a-exit.o) (__stdio_exit_handler)
D:/ST/STM32CubeIDE_1.14.0/STM32CubeIDE/plugins/com.st.stm32cube.ide.mcu.externaltools.gnu-tools-for-stm32.11.3.rel1.win32_1.1.100.202309141235/tools/bin/../lib/gcc/arm-none-eabi/11.3.1/../../../../arm-none-eabi/lib/thumb/v7e-m/nofp\libc_nano.a(libc_a-fwalk.o)
                              D:/ST/STM32CubeIDE_1.14.0/STM32CubeIDE/plugins/com.st.stm32cube.ide.mcu.externaltools.gnu-tools-for-stm32.11.3.rel1.win32_1.1.100.202309141235/tools/bin/../lib/gcc/arm-none-eabi/11.3.1/../../../../arm-none-eabi/lib/thumb/v7e-m/nofp\libc_nano.a(libc_a-findfp.o) (_fwalk_sglue)
D:/ST/STM32CubeIDE_1.14.0/STM32CubeIDE/plugins/com.st.stm32cube.ide.mcu.externaltools.gnu-tools-for-stm32.11.3.rel1.win32_1.1.100.202309141235/tools/bin/../lib/gcc/arm-none-eabi/11.3.1/../../../../arm-none-eabi/lib/thumb/v7e-m/nofp\libc_nano.a(libc_a-sprintf.o)
                              ./MCAL/Src/uart_stm32.o (sprintf)
D:/ST/STM32CubeIDE_1.14.0/STM32CubeIDE/plugins/com.st.stm32cube.ide.mcu.externaltools.gnu-tools-for-stm32.11.3.rel1.win32_1.1.100.202309141235/tools/bin/../lib/gcc/arm-none-eabi/11.3.1/../../../../arm-none-eabi/lib/thumb/v7e-m/nofp\libc_nano.a(libc_a-stdio.o)
                              D:/ST/STM32CubeIDE_1.14.0/STM32CubeIDE/plugins/com.st.stm32cube.ide.mcu.externaltools.gnu-tools-for-stm32.11.3.rel1.win32_1.1.100.202309141235/tools/bin/../lib/gcc/arm-none-eabi/11.3.1/../../../../arm-none-eabi/lib/thumb/v7e-m/nofp\libc_nano.a(libc_a-findfp.o) (__sread)
D:/ST/STM32CubeIDE_1.14.0/STM32CubeIDE/plugins/com.st.stm32cube.ide.mcu.externaltools.gnu-tools-for-stm32.11.3.rel1.win32_1.1.100.202309141235/tools/bin/../lib/gcc/arm-none-eabi/11.3.1/../../../../arm-none-eabi/lib/thumb/v7e-m/nofp\libc_nano.a(libc_a-memset.o)
                              D:/ST/STM32CubeIDE_1.14.0/STM32CubeIDE/plugins/com.st.stm32cube.ide.mcu.externaltools.gnu-tools-for-stm32.11.3.rel1.win32_1.1.100.202309141235/tools/bin/../lib/gcc/arm-none-eabi/11.3.1/../../../../arm-none-eabi/lib/thumb/v7e-m/nofp/crt0.o (memset)
D:/ST/STM32CubeIDE_1.14.0/STM32CubeIDE/plugins/com.st.stm32cube.ide.mcu.externaltools.gnu-tools-for-stm32.11.3.rel1.win32_1.1.100.202309141235/tools/bin/../lib/gcc/arm-none-eabi/11.3.1/../../../../arm-none-eabi/lib/thumb/v7e-m/nofp\libc_nano.a(libc_a-closer.o)
                              D:/ST/STM32CubeIDE_1.14.0/STM32CubeIDE/plugins/com.st.stm32cube.ide.mcu.externaltools.gnu-tools-for-stm32.11.3.rel1.win32_1.1.100.202309141235/tools/bin/../lib/gcc/arm-none-eabi/11.3.1/../../../../arm-none-eabi/lib/thumb/v7e-m/nofp\libc_nano.a(libc_a-stdio.o) (_close_r)
D:/ST/STM32CubeIDE_1.14.0/STM32CubeIDE/plugins/com.st.stm32cube.ide.mcu.externaltools.gnu-tools-for-stm32.11.3.rel1.win32_1.1.100.202309141235/tools/bin/../lib/gcc/arm-none-eabi/11.3.1/../../../../arm-none-eabi/lib/thumb/v7e-m/nofp\libc_nano.a(libc_a-reent.o)
                              D:/ST/STM32CubeIDE_1.14.0/STM32CubeIDE/plugins/com.st.stm32cube.ide.mcu.externaltools.gnu-tools-for-stm32.11.3.rel1.win32_1.1.100.202309141235/tools/bin/../lib/gcc/arm-none-eabi/11.3.1/../../../../arm-none-eabi/lib/thumb/v7e-m/nofp\libc_nano.a(libc_a-closer.o) (errno)
D:/ST/STM32CubeIDE_1.14.0/STM32CubeIDE/plugins/com.st.stm32cube.ide.mcu.externaltools.gnu-tools-for-stm32.11.3.rel1.win32_1.1.100.202309141235/tools/bin/../lib/gcc/arm-none-eabi/11.3.1/../../../../arm-none-eabi/lib/thumb/v7e-m/nofp\libc_nano.a(libc_a-impure.o)
                              D:/ST/STM32CubeIDE_1.14.0/STM32CubeIDE/plugins/com.st.stm32cube.ide.mcu.externaltools.gnu-tools-for-stm32.11.3.rel1.win32_1.1.100.202309141235/tools/bin/../lib/gcc/arm-none-eabi/11.3.1/../../../../arm-none-eabi/lib/thumb/v7e-m/nofp\libc_nano.a(libc_a-sprintf.o) (_impure_ptr)
[...]
Memory Configuration

Name             Origin             Length             Attributes
CCMRAM           0x0000000010000000 0x0000000000010000 xrw
RAM              0x0000000020000000 0x0000000000020000 xrw
FLASH            0x0000000008000000 0x0000000000100000 xr
*default*        0x0000000000000000 0xffffffffffffffff

Linker script and memory map

LOAD D:/ST/STM32CubeIDE_1.14.0/STM32CubeIDE/plugins/com.st.stm32cube.ide.mcu.externaltools.gnu-tools-for-stm32.11.3.rel1.win32_1.1.100.202309141235/tools/bin/../lib/gcc/arm-none-eabi/11.3.1/thumb/v7e-m/nofp/crti.o
LOAD D:/ST/STM32CubeIDE_1.14.0/STM32CubeIDE/plugins/com.st.stm32cube.ide.mcu.externaltools.gnu-tools-for-stm32.11.3.rel1.win32_1.1.100.202309141235/tools/bin/../lib/gcc/arm-none-eabi/11.3.1/thumb/v7e-m/nofp/crtbegin.o
LOAD D:/ST/STM32CubeIDE_1.14.0/STM32CubeIDE/plugins/com.st.stm32cube.ide.mcu.externaltools.gnu-tools-for-stm32.11.3.rel1.win32_1.1.100.202309141235/tools/bin/../lib/gcc/arm-none-eabi/11.3.1/../../../../arm-none-eabi/lib/thumb/v7e-m/nofp/crt0.o
LOAD ./BootLoader/Src/bl_ack_nack_impl.o
LOAD ./BootLoader/Src/bl_cmd_handling.o
LOAD ./BootLoader/Src/bl_cmd_packets.o
LOAD ./BootLoader/Src/bl_crc_verification.o
LOAD ./BootLoader/Src/bl_response.o
LOAD ./BootLoader/Src/bootloader.o
LOAD ./BootLoader/Src/crc_calculation.o
LOAD ./BootLoader/Src/serailize_packets.o
LOAD ./ECUAL/Src/gpio.o
LOAD ./ECUAL/Src/uart.o
LOAD ./MCAL/Src/gpio_stm32.o
LOAD ./MCAL/Src/peripheral_clock.o
LOAD ./MCAL/Src/uart_stm32.o
LOAD ./Src/inline.o
LOAD ./Src/main.o
LOAD ./Src/syscalls.o
LOAD ./Src/sysmem.o
LOAD ./Startup/startup_stm32f407vgtx.o
START GROUP
LOAD D:/ST/STM32CubeIDE_1.14.0/STM32CubeIDE/plugins/com.st.stm32cube.ide.mcu.externaltools.gnu-tools-for-stm32.11.3.rel1.win32_1.1.100.202309141235/tools/bin/../lib/gcc/arm-none-eabi/11.3.1/../../../../arm-none-eabi/lib/thumb/v7e-m/nofp\libc_nano.a
LOAD D:/ST/STM32CubeIDE_1.14.0/STM32CubeIDE/plugins/com.st.stm32cube.ide.mcu.externaltools.gnu-tools-for-stm32.11.3.rel1.win32_1.1.100.202309141235/tools/bin/../lib/gcc/arm-none-eabi/11.3.1/../../../../arm-none-eabi/lib/thumb/v7e-m/nofp\libm.a
END GROUP
START GROUP
LOAD D:/ST/STM32CubeIDE_1.14.0/STM32CubeIDE/plugins/com.st.stm32cube.ide.mcu.externaltools.gnu-tools-for-stm32.11.3.rel1.win32_1.1.100.202309141235/tools/bin/../lib/gcc/arm-none-eabi/11.3.1/thumb/v7e-m/nofp\libgcc.a
LOAD D:/ST/STM32CubeIDE_1.14.0/STM32CubeIDE/plugins/com.st.stm32cube.ide.mcu.externaltools.gnu-tools-for-stm32.11.3.rel1.win32_1.1.100.202309141235/tools/bin/../lib/gcc/arm-none-eabi/11.3.1/../../../../arm-none-eabi/lib/thumb/v7e-m/nofp\libc_nano.a
END GROUP
START GROUP
LOAD D:/ST/STM32CubeIDE_1.14.0/STM32CubeIDE/plugins/com.st.stm32cube.ide.mcu.externaltools.gnu-tools-for-stm32.11.3.rel1.win32_1.1.100.202309141235/tools/bin/../lib/gcc/arm-none-eabi/11.3.1/thumb/v7e-m/nofp\libgcc.a
LOAD D:/ST/STM32CubeIDE_1.14.0/STM32CubeIDE/plugins/com.st.stm32cube.ide.mcu.externaltools.gnu-tools-for-stm32.11.3.rel1.win32_1.1.100.202309141235/tools/bin/../lib/gcc/arm-none-eabi/11.3.1/../../../../arm-none-eabi/lib/thumb/v7e-m/nofp\libc_nano.a
LOAD D:/ST/STM32CubeIDE_1.14.0/STM32CubeIDE/plugins/com.st.stm32cube.ide.mcu.externaltools.gnu-tools-for-stm32.11.3.rel1.win32_1.1.100.202309141235/tools/bin/../lib/gcc/arm-none-eabi/11.3.1/../../../../arm-none-eabi/lib/thumb/v7e-m/nofp\libnosys.a
END GROUP
START GROUP
LOAD D:/ST/STM32CubeIDE_1.14.0/STM32CubeIDE/plugins/com.st.stm32cube.ide.mcu.externaltools.gnu-tools-for-stm32.11.3.rel1.win32_1.1.100.202309141235/tools/bin/../lib/gcc/arm-none-eabi/11.3.1/thumb/v7e-m/nofp\libgcc.a
LOAD D:/ST/STM32CubeIDE_1.14.0/STM32CubeIDE/plugins/com.st.stm32cube.ide.mcu.externaltools.gnu-tools-for-stm32.11.3.rel1.win32_1.1.100.202309141235/tools/bin/../lib/gcc/arm-none-eabi/11.3.1/../../../../arm-none-eabi/lib/thumb/v7e-m/nofp\libc_nano.a
LOAD D:/ST/STM32CubeIDE_1.14.0/STM32CubeIDE/plugins/com.st.stm32cube.ide.mcu.externaltools.gnu-tools-for-stm32.11.3.rel1.win32_1.1.100.202309141235/tools/bin/../lib/gcc/arm-none-eabi/11.3.1/../../../../arm-none-eabi/lib/thumb/v7e-m/nofp\libnosys.a
END GROUP
LOAD D:/ST/STM32CubeIDE_1.14.0/STM32CubeIDE/plugins/com.st.stm32cube.ide.mcu.externaltools.gnu-tools-for-stm32.11.3.rel1.win32_1.1.100.202309141235/tools/bin/../lib/gcc/arm-none-eabi/11.3.1/thumb/v7e-m/nofp/crtend.o
LOAD D:/ST/STM32CubeIDE_1.14.0/STM32CubeIDE/plugins/com.st.stm32cube.ide.mcu.externaltools.gnu-tools-for-stm32.11.3.rel1.win32_1.1.100.202309141235/tools/bin/../lib/gcc/arm-none-eabi/11.3.1/thumb/v7e-m/nofp/crtn.o
                0x0000000020020000                _estack = (ORIGIN (RAM) + LENGTH (RAM))
                0x0000000000000200                _Min_Heap_Size = 0x200
                0x0000000000000400                _Min_Stack_Size = 0x400

.isr_vector     0x0000000008000000      0x188
                0x0000000008000000                . = ALIGN (0x4)
 *(.isr_vector)
 .isr_vector    0x0000000008000000      0x188 ./Startup/startup_stm32f407vgtx.o
                0x0000000008000000                g_pfnVectors
                0x0000000008000188                . = ALIGN (0x4)

.text           0x0000000008000190     0x1a4c
                0x0000000008000190                . = ALIGN (0x4)
 *(.text)
 .text          0x0000000008000190       0x40 D:/ST/STM32CubeIDE_1.14.0/STM32CubeIDE/plugins/com.st.stm32cube.ide.mcu.externaltools.gnu-tools-for-stm32.11.3.rel1.win32_1.1.100.202309141235/tools/bin/../lib/gcc/arm-none-eabi/11.3.1/thumb/v7e-m/nofp/crtbegin.o
 .text          0x00000000080001d0       0xa0 D:/ST/STM32CubeIDE_1.14.0/STM32CubeIDE/plugins/com.st.stm32cube.ide.mcu.externaltools.gnu-tools-for-stm32.11.3.rel1.win32_1.1.100.202309141235/tools/bin/../lib/gcc/arm-none-eabi/11.3.1/../../../../arm-none-eabi/lib/thumb/v7e-m/nofp\libc_nano.a(libc_a-memchr.o)
                0x00000000080001d0                memchr
 *(.text*)
 .text.bl_send_ack
                0x0000000008000270       0x38 ./BootLoader/Src/bl_ack_nack_impl.o
                0x0000000008000270                bl_send_ack
 .text.bootloader_handle_getVersion_cmd
                0x00000000080002a8       0xb0 ./BootLoader/Src/bl_cmd_handling.o
                0x00000000080002a8                bootloader_handle_getVersion_cmd
 .text.bootloader_handle_getHelp_cmd
                0x0000000008000358       0xa8 ./BootLoader/Src/bl_cmd_handling.o
                0x0000000008000358                bootloader_handle_getHelp_cmd
 .text.bootloader_handle_getChipID_cmd
                0x0000000008000400       0xa8 ./BootLoader/Src/bl_cmd_handling.o
                0x0000000008000400                bootloader_handle_getChipID_cmd
 .text.get_bl_version
                0x00000000080004a8        0xe ./BootLoader/Src/bl_cmd_handling.o
                0x00000000080004a8                get_bl_version
 *fill*         0x00000000080004b6        0x2 
 .text.get_bl_commands_into_reply_buff
                0x00000000080004b8       0x40 ./BootLoader/Src/bl_cmd_handling.o
                0x00000000080004b8                get_bl_commands_into_reply_buff
 .text.get_bl_chip_id_into_reply_buff
                0x00000000080004f8       0xec ./BootLoader/Src/bl_cmd_handling.o
                0x00000000080004f8                get_bl_chip_id_into_reply_buff
 .text.build_bl_packets
                0x00000000080005e4       0xf6 ./BootLoader/Src/bl_cmd_packets.o
                0x00000000080005e4                build_bl_packets
 .text.bl_crc_verify
                0x00000000080006da       0x82 ./BootLoader/Src/bl_crc_verification.o
                0x00000000080006da                bl_crc_verify
 .text.bootloader_response
                0x000000000800075c       0x28 ./BootLoader/Src/bl_response.o
                0x000000000800075c                bootloader_response
 .text.bootloader_uart_read_data
                0x0000000008000784       0x48 ./BootLoader/Src/bootloader.o
                0x0000000008000784                bootloader_uart_read_data
 .text.bootloader_jump_to_user_app
                0x00000000080007cc       0x3c ./BootLoader/Src/bootloader.o
                0x00000000080007cc                bootloader_jump_to_user_app
 .text.crc_calculation_hw
                0x0000000008000808       0xb0 ./BootLoader/Src/crc_calculation.o
                0x0000000008000808                crc_calculation_hw
 .text.serialize_packet
                0x00000000080008b8       0x60 ./BootLoader/Src/serailize_packets.o
                0x00000000080008b8                serialize_packet
 .text.gpio_user_cfg_init
                0x0000000008000918       0x8c ./ECUAL/Src/gpio.o
                0x0000000008000918                gpio_user_cfg_init
 .text.gpio_init
                0x00000000080009a4       0x16 ./ECUAL/Src/gpio.o
                0x00000000080009a4                gpio_init
 .text.gpio_pin_read
                0x00000000080009ba       0x24 ./ECUAL/Src/gpio.o
                0x00000000080009ba                gpio_pin_read
 .text.usart_init
                0x00000000080009de        0xc ./ECUAL/Src/uart.o
                0x00000000080009de                usart_init
 .text.usart_send_char
                0x00000000080009ea       0x1e ./ECUAL/Src/uart.o
                0x00000000080009ea                usart_send_char
 .text.usart_send_string
                0x0000000008000a08       0x1a ./ECUAL/Src/uart.o
                0x0000000008000a08                usart_send_string
 .text.usart_send_bytes
                0x0000000008000a22       0x22 ./ECUAL/Src/uart.o
                0x0000000008000a22                usart_send_bytes
 .text.gpio_stm32_init
                0x0000000008000a44      0x184 ./MCAL/Src/gpio_stm32.o
                0x0000000008000a44                gpio_stm32_init
 .text.gpio_stm32_pin_read
                0x0000000008000bc8       0x2e ./MCAL/Src/gpio_stm32.o
                0x0000000008000bc8                gpio_stm32_pin_read
 *fill*         0x0000000008000bf6        0x2 
 .text.get_pclk_value
                0x0000000008000bf8       0xb0 ./MCAL/Src/peripheral_clock.o
                0x0000000008000bf8                get_pclk_value
 .text.RCC_GetPLL_Output_Clk
                0x0000000008000ca8        0xc ./MCAL/Src/peripheral_clock.o
                0x0000000008000ca8                RCC_GetPLL_Output_Clk
 .text.usart_stm32_init
                0x0000000008000cb4       0x90 ./MCAL/Src/uart_stm32.o
                0x0000000008000cb4                usart_stm32_init
 .text.usart_set_baudrate
                0x0000000008000d44       0xc4 ./MCAL/Src/uart_stm32.o
                0x0000000008000d44                usart_set_baudrate
 .text.usart_stm32_send_char
                0x0000000008000e08       0x3a ./MCAL/Src/uart_stm32.o
                0x0000000008000e08                usart_stm32_send_char
 .text.usart_stm32_send_string
                0x0000000008000e42       0x2e ./MCAL/Src/uart_stm32.o
                0x0000000008000e42                usart_stm32_send_string
 .text.usart_stm32_send_bytes
                0x0000000008000e70       0xa8 ./MCAL/Src/uart_stm32.o
                0x0000000008000e70                usart_stm32_send_bytes
 .text.enable_usart2_irq
                0x0000000008000f18       0x18 ./MCAL/Src/uart_stm32.o
                0x0000000008000f18                enable_usart2_irq
 .text.USART2_IRQHandler
                0x0000000008000f30       0x84 ./MCAL/Src/uart_stm32.o
                0x0000000008000f30                USART2_IRQHandler
 .text.__set_msp
                0x0000000008000fb4       0x18 ./Src/inline.o
                0x0000000008000fb4                __set_msp
 .text.main     0x0000000008000fcc      0x204 ./Src/main.o
                0x0000000008000fcc                main
 .text._sbrk    0x00000000080011d0       0x6c ./Src/sysmem.o
                0x00000000080011d0                _sbrk
 .text.Reset_Handler
                0x000000000800123c       0x50 ./Startup/startup_stm32f407vgtx.o
                0x000000000800123c                Reset_Handler
 .text.Default_Handler
                0x000000000800128c        0x2 ./Startup/startup_stm32f407vgtx.o
                0x000000000800128c                RTC_Alarm_IRQHandler
                0x000000000800128c                HASH_RNG_IRQHandler
                0x000000000800128c                EXTI2_IRQHandler
                0x000000000800128c                TIM8_CC_IRQHandler
                0x000000000800128c                DebugMon_Handler
                0x000000000800128c                TIM1_CC_IRQHandler
                0x000000000800128c                DMA2_Stream5_IRQHandler
                0x000000000800128c                HardFault_Handler
                0x000000000800128c                DMA1_Stream5_IRQHandler
                0x000000000800128c                SysTick_Handler
                0x000000000800128c                PVD_IRQHandler
                0x000000000800128c                SDIO_IRQHandler
                0x000000000800128c                TAMP_STAMP_IRQHandler
                0x000000000800128c                PendSV_Handler
                0x000000000800128c                NMI_Handler
                0x000000000800128c                CAN2_RX1_IRQHandler
                0x000000000800128c                EXTI3_IRQHandler
                0x000000000800128c                TIM8_TRG_COM_TIM14_IRQHandler
                0x000000000800128c                TIM1_UP_TIM10_IRQHandler
                0x000000000800128c                TIM8_UP_TIM13_IRQHandler
                0x000000000800128c                I2C3_ER_IRQHandler
                0x000000000800128c                EXTI0_IRQHandler
                0x000000000800128c                I2C2_EV_IRQHandler
                0x000000000800128c                DMA1_Stream2_IRQHandler
                0x000000000800128c                CAN1_RX0_IRQHandler
                0x000000000800128c                FPU_IRQHandler
                0x000000000800128c                OTG_HS_WKUP_IRQHandler
                0x000000000800128c                UsageFault_Handler
                0x000000000800128c                CAN2_SCE_IRQHandler
                0x000000000800128c                DMA2_Stream2_IRQHandler
                0x000000000800128c                SPI1_IRQHandler
                0x000000000800128c                TIM6_DAC_IRQHandler
                0x000000000800128c                TIM1_BRK_TIM9_IRQHandler
                0x000000000800128c                DCMI_IRQHandler
                0x000000000800128c                CAN2_RX0_IRQHandler
                0x000000000800128c                DMA2_Stream3_IRQHandler
                0x000000000800128c                USART6_IRQHandler
                0x000000000800128c                USART3_IRQHandler
                0x000000000800128c                CRYP_IRQHandler
                0x000000000800128c                CAN1_RX1_IRQHandler
                0x000000000800128c                UART5_IRQHandler
                0x000000000800128c                DMA2_Stream0_IRQHandler
                0x000000000800128c                TIM4_IRQHandler
                0x000000000800128c                I2C1_EV_IRQHandler
                0x000000000800128c                DMA1_Stream6_IRQHandler
                0x000000000800128c                DMA1_Stream1_IRQHandler
                0x000000000800128c                UART4_IRQHandler
                0x000000000800128c                TIM3_IRQHandler
                0x000000000800128c                RCC_IRQHandler
                0x000000000800128c                TIM8_BRK_TIM12_IRQHandler
                0x000000000800128c                Default_Handler
                0x000000000800128c                EXTI15_10_IRQHandler
                0x000000000800128c                ADC_IRQHandler
                0x000000000800128c                DMA1_Stream7_IRQHandler
                0x000000000800128c                TIM7_IRQHandler
                0x000000000800128c                CAN2_TX_IRQHandler
                0x000000000800128c                TIM5_IRQHandler
                0x000000000800128c                DMA2_Stream7_IRQHandler
                0x000000000800128c                I2C3_EV_IRQHandler
                0x000000000800128c                EXTI9_5_IRQHandler
                0x000000000800128c                RTC_WKUP_IRQHandler
                0x000000000800128c                ETH_WKUP_IRQHandler
                0x000000000800128c                SPI2_IRQHandler
                0x000000000800128c                OTG_HS_EP1_IN_IRQHandler
                0x000000000800128c                MemManage_Handler
                0x000000000800128c                DMA1_Stream0_IRQHandler
                0x000000000800128c                CAN1_TX_IRQHandler
                0x000000000800128c                SVC_Handler
                0x000000000800128c                EXTI4_IRQHandler
                0x000000000800128c                FSMC_IRQHandler
                0x000000000800128c                ETH_IRQHandler
                0x000000000800128c                OTG_HS_EP1_OUT_IRQHandler
                0x000000000800128c                WWDG_IRQHandler
                0x000000000800128c                TIM2_IRQHandler
                0x000000000800128c                OTG_FS_WKUP_IRQHandler
                0x000000000800128c                TIM1_TRG_COM_TIM11_IRQHandler
                0x000000000800128c                OTG_HS_IRQHandler
                0x000000000800128c                EXTI1_IRQHandler
                0x000000000800128c                I2C2_ER_IRQHandler
                0x000000000800128c                DMA2_Stream1_IRQHandler
                0x000000000800128c                CAN1_SCE_IRQHandler
                0x000000000800128c                DMA2_Stream4_IRQHandler
                0x000000000800128c                BusFault_Handler
                0x000000000800128c                USART1_IRQHandler
                0x000000000800128c                OTG_FS_IRQHandler
                0x000000000800128c                SPI3_IRQHandler
                0x000000000800128c                DMA1_Stream4_IRQHandler
                0x000000000800128c                I2C1_ER_IRQHandler
                0x000000000800128c                DMA2_Stream6_IRQHandler
                0x000000000800128c                DMA1_Stream3_IRQHandler
 *fill*         0x000000000800128e        0x2 
 .text.sprintf  0x0000000008001290       0x40 D:/ST/STM32CubeIDE_1.14.0/STM32CubeIDE/plugins/com.st.stm32cube.ide.mcu.externaltools.gnu-tools-for-stm32.11.3.rel1.win32_1.1.100.202309141235/tools/bin/../lib/gcc/arm-none-eabi/11.3.1/../../../../arm-none-eabi/lib/thumb/v7e-m/nofp\libc_nano.a(libc_a-sprintf.o)
                0x0000000008001290                siprintf
                0x0000000008001290                sprintf
 .text.__errno  0x00000000080012d0        0xc D:/ST/STM32CubeIDE_1.14.0/STM32CubeIDE/plugins/com.st.stm32cube.ide.mcu.externaltools.gnu-tools-for-stm32.11.3.rel1.win32_1.1.100.202309141235/tools/bin/../lib/gcc/arm-none-eabi/11.3.1/../../../../arm-none-eabi/lib/thumb/v7e-m/nofp\libc_nano.a(libc_a-errno.o)
                0x00000000080012d0                __errno
 .text.__libc_init_array
                0x00000000080012dc       0x48 D:/ST/STM32CubeIDE_1.14.0/STM32CubeIDE/plugins/com.st.stm32cube.ide.mcu.externaltools.gnu-tools-for-stm32.11.3.rel1.win32_1.1.100.202309141235/tools/bin/../lib/gcc/arm-none-eabi/11.3.1/../../../../arm-none-eabi/lib/thumb/v7e-m/nofp\libc_nano.a(libc_a-init.o)
                0x00000000080012dc                __libc_init_array
 .text.__retarget_lock_acquire_recursive
                0x0000000008001324        0x2 D:/ST/STM32CubeIDE_1.14.0/STM32CubeIDE/plugins/com.st.stm32cube.ide.mcu.externaltools.gnu-tools-for-stm32.11.3.rel1.win32_1.1.100.202309141235/tools/bin/../lib/gcc/arm-none-eabi/11.3.1/../../../../arm-none-eabi/lib/thumb/v7e-m/nofp\libc_nano.a(libc_a-lock.o)
                0x0000000008001324                __retarget_lock_acquire_recursive
 .text.__retarget_lock_release_recursive
                0x0000000008001326        0x2 D:/ST/STM32CubeIDE_1.14.0/STM32CubeIDE/plugins/com.st.stm32cube.ide.mcu.externaltools.gnu-tools-for-stm32.11.3.rel1.win32_1.1.100.202309141235/tools/bin/../lib/gcc/arm-none-eabi/11.3.1/../../../../arm-none-eabi/lib/thumb/v7e-m/nofp\libc_nano.a(libc_a-lock.o)
                0x0000000008001326                __retarget_lock_release_recursive
 .text._free_r  0x0000000008001328       0x94 D:/ST/STM32CubeIDE_1.14.0/STM32CubeIDE/plugins/com.st.stm32cube.ide.mcu.externaltools.gnu-tools-for-stm32.11.3.rel1.win32_1.1.100.202309141235/tools/bin/../lib/gcc/arm-none-eabi/11.3.1/../../../../arm-none-eabi/lib/thumb/v7e-m/nofp\libc_nano.a(libc_a-freer.o)
                0x0000000008001328                _free_r
 .text.sbrk_aligned
                0x00000000080013bc       0x40 D:/ST/STM32CubeIDE_1.14.0/STM32CubeIDE/plugins/com.st.stm32cube.ide.mcu.externaltools.gnu-tools-for-stm32.11.3.rel1.win32_1.1.100.202309141235/tools/bin/../lib/gcc/arm-none-eabi/11.3.1/../../../../arm-none-eabi/lib/thumb/v7e-m/nofp\libc_nano.a(libc_a-mallocr.o)
 .text._malloc_r
                0x00000000080013fc      0x100 D:/ST/STM32CubeIDE_1.14.0/STM32CubeIDE/plugins/com.st.stm32cube.ide.mcu.externaltools.gnu-tools-for-stm32.11.3.rel1.win32_1.1.100.202309141235/tools/bin/../lib/gcc/arm-none-eabi/11.3.1/../../../../arm-none-eabi/lib/thumb/v7e-m/nofp\libc_nano.a(libc_a-mallocr.o)
                0x00000000080013fc                _malloc_r
 .text.__malloc_lock
                0x00000000080014fc        0xc D:/ST/STM32CubeIDE_1.14.0/STM32CubeIDE/plugins/com.st.stm32cube.ide.mcu.externaltools.gnu-tools-for-stm32.11.3.rel1.win32_1.1.100.202309141235/tools/bin/../lib/gcc/arm-none-eabi/11.3.1/../../../../arm-none-eabi/lib/thumb/v7e-m/nofp\libc_nano.a(libc_a-mlock.o)
                0x00000000080014fc                __malloc_lock
 .text.__malloc_unlock
                0x0000000008001508        0xc D:/ST/STM32CubeIDE_1.14.0/STM32CubeIDE/plugins/com.st.stm32cube.ide.mcu.externaltools.gnu-tools-for-stm32.11.3.rel1.win32_1.1.100.202309141235/tools/bin/../lib/gcc/arm-none-eabi/11.3.1/../../../../arm-none-eabi/lib/thumb/v7e-m/nofp\libc_nano.a(libc_a-mlock.o)
                0x0000000008001508                __malloc_unlock
 .text.__ssputs_r
                0x0000000008001514       0xb4 D:/ST/STM32CubeIDE_1.14.0/STM32CubeIDE/plugins/com.st.stm32cube.ide.mcu.externaltools.gnu-tools-for-stm32.11.3.rel1.win32_1.1.100.202309141235/tools/bin/../lib/gcc/arm-none-eabi/11.3.1/../../../../arm-none-eabi/lib/thumb/v7e-m/nofp\libc_nano.a(libc_a-nano-svfprintf.o)
                0x0000000008001514                __ssputs_r
 .text._svfprintf_r
                0x00000000080015c8      0x1fc D:/ST/STM32CubeIDE_1.14.0/STM32CubeIDE/plugins/com.st.stm32cube.ide.mcu.externaltools.gnu-tools-for-stm32.11.3.rel1.win32_1.1.100.202309141235/tools/bin/../lib/gcc/arm-none-eabi/11.3.1/../../../../arm-none-eabi/lib/thumb/v7e-m/nofp\libc_nano.a(libc_a-nano-svfprintf.o)
                0x00000000080015c8                _svfiprintf_r
                0x00000000080015c8                _svfprintf_r
 .text._printf_common
                0x00000000080017c4       0xda D:/ST/STM32CubeIDE_1.14.0/STM32CubeIDE/plugins/com.st.stm32cube.ide.mcu.externaltools.gnu-tools-for-stm32.11.3.rel1.win32_1.1.100.202309141235/tools/bin/../lib/gcc/arm-none-eabi/11.3.1/../../../../arm-none-eabi/lib/thumb/v7e-m/nofp\libc_nano.a(libc_a-nano-vfprintf_i.o)
                0x00000000080017c4                _printf_common
 *fill*         0x000000000800189e        0x2 
 .text._printf_i
                0x00000000080018a0      0x244 D:/ST/STM32CubeIDE_1.14.0/STM32CubeIDE/plugins/com.st.stm32cube.ide.mcu.externaltools.gnu-tools-for-stm32.11.3.rel1.win32_1.1.100.202309141235/tools/bin/../lib/gcc/arm-none-eabi/11.3.1/../../../../arm-none-eabi/lib/thumb/v7e-m/nofp\libc_nano.a(libc_a-nano-vfprintf_i.o)
                0x00000000080018a0                _printf_i
 .text.memmove  0x0000000008001ae4       0x34 D:/ST/STM32CubeIDE_1.14.0/STM32CubeIDE/plugins/com.st.stm32cube.ide.mcu.externaltools.gnu-tools-for-stm32.11.3.rel1.win32_1.1.100.202309141235/tools/bin/../lib/gcc/arm-none-eabi/11.3.1/../../../../arm-none-eabi/lib/thumb/v7e-m/nofp\libc_nano.a(libc_a-memmove.o)
                0x0000000008001ae4                memmove
 .text._sbrk_r  0x0000000008001b18       0x20 D:/ST/STM32CubeIDE_1.14.0/STM32CubeIDE/plugins/com.st.stm32cube.ide.mcu.externaltools.gnu-tools-for-stm32.11.3.rel1.win32_1.1.100.202309141235/tools/bin/../lib/gcc/arm-none-eabi/11.3.1/../../../../arm-none-eabi/lib/thumb/v7e-m/nofp\libc_nano.a(libc_a-sbrkr.o)
                0x0000000008001b18                _sbrk_r
 .text.memcpy   0x0000000008001b38       0x1c D:/ST/STM32CubeIDE_1.14.0/STM32CubeIDE/plugins/com.st.stm32cube.ide.mcu.externaltools.gnu-tools-for-stm32.11.3.rel1.win32_1.1.100.202309141235/tools/bin/../lib/gcc/arm-none-eabi/11.3.1/../../../../arm-none-eabi/lib/thumb/v7e-m/nofp\libc_nano.a(libc_a-memcpy-stub.o)
                0x0000000008001b38                memcpy
 .text._realloc_r
                0x0000000008001b54       0x5e D:/ST/STM32CubeIDE_1.14.0/STM32CubeIDE/plugins/com.st.stm32cube.ide.mcu.externaltools.gnu-tools-for-stm32.11.3.rel1.win32_1.1.100.202309141235/tools/bin/../lib/gcc/arm-none-eabi/11.3.1/../../../../arm-none-eabi/lib/thumb/v7e-m/nofp\libc_nano.a(libc_a-reallocr.o)
                0x0000000008001b54                _realloc_r
 .text._malloc_usable_size_r
                0x0000000008001bb2       0x10 D:/ST/STM32CubeIDE_1.14.0/STM32CubeIDE/plugins/com.st.stm32cube.ide.mcu.externaltools.gnu-tools-for-stm32.11.3.rel1.win32_1.1.100.202309141235/tools/bin/../lib/gcc/arm-none-eabi/11.3.1/../../../../arm-none-eabi/lib/thumb/v7e-m/nofp\libc_nano.a(libc_a-msizer.o)
                0x0000000008001bb2                _malloc_usable_size_r
 *(.glue_7)
 .glue_7        0x0000000008001bc2        0x0 linker stubs
 *(.glue_7t)
 .glue_7t       0x0000000008001bc2        0x0 linker stubs
 *(.eh_frame)
 *fill*         0x0000000008001bc2        0x2 
 .eh_frame      0x0000000008001bc4        0x0 D:/ST/STM32CubeIDE_1.14.0/STM32CubeIDE/plugins/com.st.stm32cube.ide.mcu.externaltools.gnu-tools-for-stm32.11.3.rel1.win32_1.1.100.202309141235/tools/bin/../lib/gcc/arm-none-eabi/11.3.1/thumb/v7e-m/nofp/crtbegin.o
 *(.init)
 .init          0x0000000008001bc4        0x4 D:/ST/STM32CubeIDE_1.14.0/STM32CubeIDE/plugins/com.st.stm32cube.ide.mcu.externaltools.gnu-tools-for-stm32.11.3.rel1.win32_1.1.100.202309141235/tools/bin/../lib/gcc/arm-none-eabi/11.3.1/thumb/v7e-m/nofp/crti.o
                0x0000000008001bc4                _init
 .init          0x0000000008001bc8        0x8 D:/ST/STM32CubeIDE_1.14.0/STM32CubeIDE/plugins/com.st.stm32cube.ide.mcu.externaltools.gnu-tools-for-stm32.11.3.rel1.win32_1.1.100.202309141235/tools/bin/../lib/gcc/arm-none-eabi/11.3.1/thumb/v7e-m/nofp/crtn.o
 *(.fini)
 .fini          0x0000000008001bd0        0x4 D:/ST/STM32CubeIDE_1.14.0/STM32CubeIDE/plugins/com.st.stm32cube.ide.mcu.externaltools.gnu-tools-for-stm32.11.3.rel1.win32_1.1.100.202309141235/tools/bin/../lib/gcc/arm-none-eabi/11.3.1/thumb/v7e-m/nofp/crti.o
                0x0000000008001bd0                _fini
 .fini          0x0000000008001bd4        0x8 D:/ST/STM32CubeIDE_1.14.0/STM32CubeIDE/plugins/com.st.stm32cube.ide.mcu.externaltools.gnu-tools-for-stm32.11.3.rel1.win32_1.1.100.202309141235/tools/bin/../lib/gcc/arm-none-eabi/11.3.1/thumb/v7e-m/nofp/crtn.o
                0x0000000008001bdc                . = ALIGN (0x4)
                0x0000000008001bdc                _etext = .

.vfp11_veneer   0x0000000008001bdc        0x0
 .vfp11_veneer  0x0000000008001bdc        0x0 linker stubs

.v4_bx          0x0000000008001bdc        0x0
 .v4_bx         0x0000000008001bdc        0x0 linker stubs

.iplt           0x0000000008001bdc        0x0
 .iplt          0x0000000008001bdc        0x0 D:/ST/STM32CubeIDE_1.14.0/STM32CubeIDE/plugins/com.st.stm32cube.ide.mcu.externaltools.gnu-tools-for-stm32.11.3.rel1.win32_1.1.100.202309141235/tools/bin/../lib/gcc/arm-none-eabi/11.3.1/thumb/v7e-m/nofp/crtbegin.o

.rodata         0x0000000008001bdc      0x4ac
                0x0000000008001bdc                . = ALIGN (0x4)
 *(.rodata)
 .rodata        0x0000000008001bdc       0xd2 ./BootLoader/Src/bl_cmd_handling.o
 *fill*         0x0000000008001cae        0x2 
 .rodata        0x0000000008001cb0        0x9 ./MCAL/Src/uart_stm32.o
 *fill*         0x0000000008001cb9        0x3 
 .rodata        0x0000000008001cbc      0x396 ./Src/main.o
 *(.rodata*)
 .rodata._svfprintf_r.str1.1
                0x0000000008002052       0x11 D:/ST/STM32CubeIDE_1.14.0/STM32CubeIDE/plugins/com.st.stm32cube.ide.mcu.externaltools.gnu-tools-for-stm32.11.3.rel1.win32_1.1.100.202309141235/tools/bin/../lib/gcc/arm-none-eabi/11.3.1/../../../../arm-none-eabi/lib/thumb/v7e-m/nofp\libc_nano.a(libc_a-nano-svfprintf.o)
 .rodata._printf_i.str1.1
                0x0000000008002063       0x22 D:/ST/STM32CubeIDE_1.14.0/STM32CubeIDE/plugins/com.st.stm32cube.ide.mcu.externaltools.gnu-tools-for-stm32.11.3.rel1.win32_1.1.100.202309141235/tools/bin/../lib/gcc/arm-none-eabi/11.3.1/../../../../arm-none-eabi/lib/thumb/v7e-m/nofp\libc_nano.a(libc_a-nano-vfprintf_i.o)
                0x0000000008002088                . = ALIGN (0x4)
 *fill*         0x0000000008002085        0x3 

.rel.dyn        0x0000000008002088        0x0
 .rel.iplt      0x0000000008002088        0x0 D:/ST/STM32CubeIDE_1.14.0/STM32CubeIDE/plugins/com.st.stm32cube.ide.mcu.externaltools.gnu-tools-for-stm32.11.3.rel1.win32_1.1.100.202309141235/tools/bin/../lib/gcc/arm-none-eabi/11.3.1/thumb/v7e-m/nofp/crtbegin.o

.ARM.extab      0x0000000008002088        0x0
                0x0000000008002088                . = ALIGN (0x4)
 *(.ARM.extab* .gnu.linkonce.armextab.*)
                0x0000000008002088                . = ALIGN (0x4)

.ARM            0x0000000008002088        0x0
                0x0000000008002088                . = ALIGN (0x4)
                0x0000000008002088                __exidx_start = .
 *(.ARM.exidx*)
                0x0000000008002088                __exidx_end = .
                0x0000000008002088                . = ALIGN (0x4)

.preinit_array  0x0000000008002088        0x0
                0x0000000008002088                . = ALIGN (0x4)
                0x0000000008002088                PROVIDE (__preinit_array_start = .)
 *(.preinit_array*)
                0x0000000008002088                PROVIDE (__preinit_array_end = .)
                0x0000000008002088                . = ALIGN (0x4)

.init_array     0x0000000008002088        0x4
                0x0000000008002088                . = ALIGN (0x4)
                0x0000000008002088                PROVIDE (__init_array_start = .)
 *(SORT_BY_NAME(.init_array.*))
 *(.init_array*)
 .init_array    0x0000000008002088        0x4 D:/ST/STM32CubeIDE_1.14.0/STM32CubeIDE/plugins/com.st.stm32cube.ide.mcu.externaltools.gnu-tools-for-stm32.11.3.rel1.win32_1.1.100.202309141235/tools/bin/../lib/gcc/arm-none-eabi/11.3.1/thumb/v7e-m/nofp/crtbegin.o
                0x000000000800208c                PROVIDE (__init_array_end = .)
                0x000000000800208c                . = ALIGN (0x4)

.fini_array     0x000000000800208c        0x4
                0x000000000800208c                . = ALIGN (0x4)
                [!provide]                        PROVIDE (__fini_array_start = .)
 *(SORT_BY_NAME(.fini_array.*))
 *(.fini_array*)
 .fini_array    0x000000000800208c        0x4 D:/ST/STM32CubeIDE_1.14.0/STM32CubeIDE/plugins/com.st.stm32cube.ide.mcu.externaltools.gnu-tools-for-stm32.11.3.rel1.win32_1.1.100.202309141235/tools/bin/../lib/gcc/arm-none-eabi/11.3.1/thumb/v7e-m/nofp/crtbegin.o
                [!provide]                        PROVIDE (__fini_array_end = .)
                0x0000000008002090                . = ALIGN (0x4)
                0x0000000008002090                _sidata = LOADADDR (.data)

.data           0x0000000020000000      0x110 load address 0x0000000008002090
                0x0000000020000000                . = ALIGN (0x4)
                0x0000000020000000                _sdata = .
 *(.data)
 *(.data*)
 .data.pUsartt2
                0x0000000020000000        0x4 ./BootLoader/Src/bl_ack_nack_impl.o
                0x0000000020000000                pUsartt2
 .data.len      0x0000000020000004        0x1 ./BootLoader/Src/bl_cmd_handling.o
                0x0000000020000004                len
 *fill*         0x0000000020000005        0x3 
 .data.pusartT2
                0x0000000020000008        0x4 ./BootLoader/Src/bl_cmd_handling.o
                0x0000000020000008                pusartT2
 .data.pusartTwo
                0x000000002000000c        0x4 ./BootLoader/Src/bl_response.o
                0x000000002000000c                pusartTwo
 .data.cmd_code_array
                0x0000000020000010        0xa ./BootLoader/Src/bootloader.o
                0x0000000020000010                cmd_code_array
 *fill*         0x000000002000001a        0x2 
 .data.gpio_uart_cfg
                0x000000002000001c       0x20 ./ECUAL/Src/gpio.o
                0x000000002000001c                gpio_uart_cfg
 .data.gpio_spi_cfg
                0x000000002000003c       0x40 ./ECUAL/Src/gpio.o
                0x000000002000003c                gpio_spi_cfg
 .data.gpio_i2c_cfg
                0x000000002000007c       0x20 ./ECUAL/Src/gpio.o
                0x000000002000007c                gpio_i2c_cfg
 .data.gpio_button_user_cfg
                0x000000002000009c       0x10 ./ECUAL/Src/gpio.o
                0x000000002000009c                gpio_button_user_cfg
 .data.ahbp_array
                0x00000000200000ac       0x10 ./MCAL/Src/peripheral_clock.o
                0x00000000200000ac                ahbp_array
 .data.apb1p_array
                0x00000000200000bc        0x4 ./MCAL/Src/peripheral_clock.o
                0x00000000200000bc                apb1p_array
 .data._impure_data
                0x00000000200000c0       0x4c D:/ST/STM32CubeIDE_1.14.0/STM32CubeIDE/plugins/com.st.stm32cube.ide.mcu.externaltools.gnu-tools-for-stm32.11.3.rel1.win32_1.1.100.202309141235/tools/bin/../lib/gcc/arm-none-eabi/11.3.1/../../../../arm-none-eabi/lib/thumb/v7e-m/nofp\libc_nano.a(libc_a-impure.o)
                0x00000000200000c0                _impure_data
 .data._impure_ptr
                0x000000002000010c        0x4 D:/ST/STM32CubeIDE_1.14.0/STM32CubeIDE/plugins/com.st.stm32cube.ide.mcu.externaltools.gnu-tools-for-stm32.11.3.rel1.win32_1.1.100.202309141235/tools/bin/../lib/gcc/arm-none-eabi/11.3.1/../../../../arm-none-eabi/lib/thumb/v7e-m/nofp\libc_nano.a(libc_a-impure.o)
                0x000000002000010c                _impure_ptr
 *(.RamFunc)
 *(.RamFunc*)
                0x0000000020000110                . = ALIGN (0x4)
                0x0000000020000110                _edata = .
                0x00000000080021a0                _siccmram = LOADADDR (.ccmram)

.igot.plt       0x0000000020000110        0x0 load address 0x00000000080021a0
 .igot.plt      0x0000000020000110        0x0 D:/ST/STM32CubeIDE_1.14.0/STM32CubeIDE/plugins/com.st.stm32cube.ide.mcu.externaltools.gnu-tools-for-stm32.11.3.rel1.win32_1.1.100.202309141235/tools/bin/../lib/gcc/arm-none-eabi/11.3.1/thumb/v7e-m/nofp/crtbegin.o

.ccmram         0x0000000010000000        0x0 load address 0x00000000080021a0
                0x0000000010000000                . = ALIGN (0x4)
                0x0000000010000000                _sccmram = .
 *(.ccmram)
 *(.ccmram*)
                0x0000000010000000                . = ALIGN (0x4)
                0x0000000010000000                _eccmram = .
                0x0000000010000000                . = ALIGN (0x4)

.bss            0x0000000020000110      0x190
                0x0000000020000110                _sbss = .
                0x0000000020000110                __bss_start__ = _sbss
 *(.bss)
 .bss           0x0000000020000110       0x1c D:/ST/STM32CubeIDE_1.14.0/STM32CubeIDE/plugins/com.st.stm32cube.ide.mcu.externaltools.gnu-tools-for-stm32.11.3.rel1.win32_1.1.100.202309141235/tools/bin/../lib/gcc/arm-none-eabi/11.3.1/thumb/v7e-m/nofp/crtbegin.o
 *(.bss*)
 .bss.bl_reply_buff
                0x000000002000012c       0x14 ./BootLoader/Src/bl_cmd_handling.o
                0x000000002000012c                bl_reply_buff
 .bss.tx_packet_buffer
                0x0000000020000140        0x6 ./BootLoader/Src/serailize_packets.o
                0x0000000020000140                tx_packet_buffer
 *fill*         0x0000000020000146        0x2 
 .bss.tx_index  0x0000000020000148        0x4 ./BootLoader/Src/serailize_packets.o
                0x0000000020000148                tx_index
 .bss.tx_length
                0x000000002000014c        0x4 ./BootLoader/Src/serailize_packets.o
                0x000000002000014c                tx_length
 .bss.usart_command
                0x0000000020000150        0x1 ./MCAL/Src/uart_stm32.o
                0x0000000020000150                usart_command
 .bss.command_recieved
                0x0000000020000151        0x1 ./MCAL/Src/uart_stm32.o
                0x0000000020000151                command_recieved
 *fill*         0x0000000020000152        0x2 
 .bss.__sbrk_heap_end
                0x0000000020000154        0x4 ./Src/sysmem.o
 .bss.__sf      0x0000000020000158      0x138 D:/ST/STM32CubeIDE_1.14.0/STM32CubeIDE/plugins/com.st.stm32cube.ide.mcu.externaltools.gnu-tools-for-stm32.11.3.rel1.win32_1.1.100.202309141235/tools/bin/../lib/gcc/arm-none-eabi/11.3.1/../../../../arm-none-eabi/lib/thumb/v7e-m/nofp\libc_nano.a(libc_a-findfp.o)
                0x0000000020000158                __sf
 .bss.errno     0x0000000020000290        0x4 D:/ST/STM32CubeIDE_1.14.0/STM32CubeIDE/plugins/com.st.stm32cube.ide.mcu.externaltools.gnu-tools-for-stm32.11.3.rel1.win32_1.1.100.202309141235/tools/bin/../lib/gcc/arm-none-eabi/11.3.1/../../../../arm-none-eabi/lib/thumb/v7e-m/nofp\libc_nano.a(libc_a-reent.o)
                0x0000000020000290                errno
 .bss.__lock___malloc_recursive_mutex
                0x0000000020000294        0x1 D:/ST/STM32CubeIDE_1.14.0/STM32CubeIDE/plugins/com.st.stm32cube.ide.mcu.externaltools.gnu-tools-for-stm32.11.3.rel1.win32_1.1.100.202309141235/tools/bin/../lib/gcc/arm-none-eabi/11.3.1/../../../../arm-none-eabi/lib/thumb/v7e-m/nofp\libc_nano.a(libc_a-lock.o)
                0x0000000020000294                __lock___malloc_recursive_mutex
 *fill*         0x0000000020000295        0x3 
 .bss.__malloc_free_list
                0x0000000020000298        0x4 D:/ST/STM32CubeIDE_1.14.0/STM32CubeIDE/plugins/com.st.stm32cube.ide.mcu.externaltools.gnu-tools-for-stm32.11.3.rel1.win32_1.1.100.202309141235/tools/bin/../lib/gcc/arm-none-eabi/11.3.1/../../../../arm-none-eabi/lib/thumb/v7e-m/nofp\libc_nano.a(libc_a-mallocr.o)
                0x0000000020000298                __malloc_free_list
 .bss.__malloc_sbrk_start
                0x000000002000029c        0x4 D:/ST/STM32CubeIDE_1.14.0/STM32CubeIDE/plugins/com.st.stm32cube.ide.mcu.externaltools.gnu-tools-for-stm32.11.3.rel1.win32_1.1.100.202309141235/tools/bin/../lib/gcc/arm-none-eabi/11.3.1/../../../../arm-none-eabi/lib/thumb/v7e-m/nofp\libc_nano.a(libc_a-mallocr.o)
                0x000000002000029c                __malloc_sbrk_start
 *(COMMON)
                0x00000000200002a0                . = ALIGN (0x4)
                0x00000000200002a0                _ebss = .
                0x00000000200002a0                __bss_end__ = _ebss

._user_heap_stack
                0x00000000200002a0      0x600
                0x00000000200002a0                . = ALIGN (0x8)
                [!provide]                        PROVIDE (end = .)
                0x00000000200002a0                PROVIDE (_end = .)
                0x00000000200004a0                . = (. + _Min_Heap_Size)
 *fill*         0x00000000200002a0      0x200 
                0x00000000200008a0                . = (. + _Min_Stack_Size)
 *fill*         0x00000000200004a0      0x400 
                0x00000000200008a0                . = ALIGN (0x8)

/DISCARD/
 libc.a(*)
 libm.a(*)
 libgcc.a(*)

.ARM.attributes
                0x0000000000000000       0x2a
 *(.ARM.attributes)
 .ARM.attributes
                0x0000000000000000       0x1e D:/ST/STM32CubeIDE_1.14.0/STM32CubeIDE/plugins/com.st.stm32cube.ide.mcu.externaltools.gnu-tools-for-stm32.11.3.rel1.win32_1.1.100.202309141235/tools/bin/../lib/gcc/arm-none-eabi/11.3.1/thumb/v7e-m/nofp/crti.o
 .ARM.attributes
                0x000000000000001e       0x2e D:/ST/STM32CubeIDE_1.14.0/STM32CubeIDE/plugins/com.st.stm32cube.ide.mcu.externaltools.gnu-tools-for-stm32.11.3.rel1.win32_1.1.100.202309141235/tools/bin/../lib/gcc/arm-none-eabi/11.3.1/thumb/v7e-m/nofp/crtbegin.o
 .ARM.attributes
                0x000000000000004c       0x2e ./BootLoader/Src/bl_ack_nack_impl.o
 .ARM.attributes
                0x000000000000007a       0x2e ./BootLoader/Src/bl_cmd_handling.o
 .ARM.attributes
                0x00000000000000a8       0x2e ./BootLoader/Src/bl_cmd_packets.o
 .ARM.attributes
                0x00000000000000d6       0x2e ./BootLoader/Src/bl_crc_verification.o
 .ARM.attributes
                0x0000000000000104       0x2e ./BootLoader/Src/bl_response.o
 .ARM.attributes
                0x0000000000000132       0x2e ./BootLoader/Src/bootloader.o
 .ARM.attributes
                0x0000000000000160       0x2e ./BootLoader/Src/crc_calculation.o
 .ARM.attributes
                0x000000000000018e       0x2e ./BootLoader/Src/serailize_packets.o
 .ARM.attributes
                0x00000000000001bc       0x2e ./ECUAL/Src/gpio.o
 .ARM.attributes
                0x00000000000001ea       0x2e ./ECUAL/Src/uart.o
 .ARM.attributes
                0x0000000000000218       0x2e ./MCAL/Src/gpio_stm32.o
 .ARM.attributes
                0x0000000000000246       0x2e ./MCAL/Src/peripheral_clock.o
 .ARM.attributes
                0x0000000000000274       0x2e ./MCAL/Src/uart_stm32.o
 .ARM.attributes
                0x00000000000002a2       0x2e ./Src/inline.o
 .ARM.attributes
                0x00000000000002d0       0x2e ./Src/main.o
 .ARM.attributes
                0x00000000000002fe       0x2e ./Src/sysmem.o
 .ARM.attributes
                0x000000000000032c       0x21 ./Startup/startup_stm32f407vgtx.o
 .ARM.attributes
                0x000000000000034d       0x2e D:/ST/STM32CubeIDE_1.14.0/STM32CubeIDE/plugins/com.st.stm32cube.ide.mcu.externaltools.gnu-tools-for-stm32.11.3.rel1.win32_1.1.100.202309141235/tools/bin/../lib/gcc/arm-none-eabi/11.3.1/../../../../arm-none-eabi/lib/thumb/v7e-m/nofp\libc_nano.a(libc_a-findfp.o)
 .ARM.attributes
                0x000000000000037b       0x2e D:/ST/STM32CubeIDE_1.14.0/STM32CubeIDE/plugins/com.st.stm32cube.ide.mcu.externaltools.gnu-tools-for-stm32.11.3.rel1.win32_1.1.100.202309141235/tools/bin/../lib/gcc/arm-none-eabi/11.3.1/../../../../arm-none-eabi/lib/thumb/v7e-m/nofp\libc_nano.a(libc_a-sprintf.o)
 .ARM.attributes
                0x00000000000003a9       0x2e D:/ST/STM32CubeIDE_1.14.0/STM32CubeIDE/plugins/com.st.stm32cube.ide.mcu.externaltools.gnu-tools-for-stm32.11.3.rel1.win32_1.1.100.202309141235/tools/bin/../lib/gcc/arm-none-eabi/11.3.1/../../../../arm-none-eabi/lib/thumb/v7e-m/nofp\libc_nano.a(libc_a-reent.o)
 .ARM.attributes
                0x00000000000003d7       0x2e D:/ST/STM32CubeIDE_1.14.0/STM32CubeIDE/plugins/com.st.stm32cube.ide.mcu.externaltools.gnu-tools-for-stm32.11.3.rel1.win32_1.1.100.202309141235/tools/bin/../lib/gcc/arm-none-eabi/11.3.1/../../../../arm-none-eabi/lib/thumb/v7e-m/nofp\libc_nano.a(libc_a-impure.o)
 .ARM.attributes
                0x0000000000000405       0x2e D:/ST/STM32CubeIDE_1.14.0/STM32CubeIDE/plugins/com.st.stm32cube.ide.mcu.externaltools.gnu-tools-for-stm32.11.3.rel1.win32_1.1.100.202309141235/tools/bin/../lib/gcc/arm-none-eabi/11.3.1/../../../../arm-none-eabi/lib/thumb/v7e-m/nofp\libc_nano.a(libc_a-errno.o)
 .ARM.attributes
                0x0000000000000433       0x2e D:/ST/STM32CubeIDE_1.14.0/STM32CubeIDE/plugins/com.st.stm32cube.ide.mcu.externaltools.gnu-tools-for-stm32.11.3.rel1.win32_1.1.100.202309141235/tools/bin/../lib/gcc/arm-none-eabi/11.3.1/../../../../arm-none-eabi/lib/thumb/v7e-m/nofp\libc_nano.a(libc_a-init.o)
 .ARM.attributes
                0x0000000000000461       0x2e D:/ST/STM32CubeIDE_1.14.0/STM32CubeIDE/plugins/com.st.stm32cube.ide.mcu.externaltools.gnu-tools-for-stm32.11.3.rel1.win32_1.1.100.202309141235/tools/bin/../lib/gcc/arm-none-eabi/11.3.1/../../../../arm-none-eabi/lib/thumb/v7e-m/nofp\libc_nano.a(libc_a-lock.o)
 .ARM.attributes
                0x000000000000048f       0x2e D:/ST/STM32CubeIDE_1.14.0/STM32CubeIDE/plugins/com.st.stm32cube.ide.mcu.externaltools.gnu-tools-for-stm32.11.3.rel1.win32_1.1.100.202309141235/tools/bin/../lib/gcc/arm-none-eabi/11.3.1/../../../../arm-none-eabi/lib/thumb/v7e-m/nofp\libc_nano.a(libc_a-freer.o)
 .ARM.attributes
                0x00000000000004bd       0x2e D:/ST/STM32CubeIDE_1.14.0/STM32CubeIDE/plugins/com.st.stm32cube.ide.mcu.externaltools.gnu-tools-for-stm32.11.3.rel1.win32_1.1.100.202309141235/tools/bin/../lib/gcc/arm-none-eabi/11.3.1/../../../../arm-none-eabi/lib/thumb/v7e-m/nofp\libc_nano.a(libc_a-mallocr.o)
 .ARM.attributes
                0x00000000000004eb       0x2e D:/ST/STM32CubeIDE_1.14.0/STM32CubeIDE/plugins/com.st.stm32cube.ide.mcu.externaltools.gnu-tools-for-stm32.11.3.rel1.win32_1.1.100.202309141235/tools/bin/../lib/gcc/arm-none-eabi/11.3.1/../../../../arm-none-eabi/lib/thumb/v7e-m/nofp\libc_nano.a(libc_a-mlock.o)
 .ARM.attributes
                0x0000000000000519       0x2e D:/ST/STM32CubeIDE_1.14.0/STM32CubeIDE/plugins/com.st.stm32cube.ide.mcu.externaltools.gnu-tools-for-stm32.11.3.rel1.win32_1.1.100.202309141235/tools/bin/../lib/gcc/arm-none-eabi/11.3.1/../../../../arm-none-eabi/lib/thumb/v7e-m/nofp\libc_nano.a(libc_a-nano-svfprintf.o)
 .ARM.attributes
                0x0000000000000547       0x2e D:/ST/STM32CubeIDE_1.14.0/STM32CubeIDE/plugins/com.st.stm32cube.ide.mcu.externaltools.gnu-tools-for-stm32.11.3.rel1.win32_1.1.100.202309141235/tools/bin/../lib/gcc/arm-none-eabi/11.3.1/../../../../arm-none-eabi/lib/thumb/v7e-m/nofp\libc_nano.a(libc_a-nano-vfprintf_i.o)
 .ARM.attributes
                0x0000000000000575       0x2e D:/ST/STM32CubeIDE_1.14.0/STM32CubeIDE/plugins/com.st.stm32cube.ide.mcu.externaltools.gnu-tools-for-stm32.11.3.rel1.win32_1.1.100.202309141235/tools/bin/../lib/gcc/arm-none-eabi/11.3.1/../../../../arm-none-eabi/lib/thumb/v7e-m/nofp\libc_nano.a(libc_a-memmove.o)
 .ARM.attributes
                0x00000000000005a3       0x2e D:/ST/STM32CubeIDE_1.14.0/STM32CubeIDE/plugins/com.st.stm32cube.ide.mcu.externaltools.gnu-tools-for-stm32.11.3.rel1.win32_1.1.100.202309141235/tools/bin/../lib/gcc/arm-none-eabi/11.3.1/../../../../arm-none-eabi/lib/thumb/v7e-m/nofp\libc_nano.a(libc_a-sbrkr.o)
 .ARM.attributes
                0x00000000000005d1       0x1c D:/ST/STM32CubeIDE_1.14.0/STM32CubeIDE/plugins/com.st.stm32cube.ide.mcu.externaltools.gnu-tools-for-stm32.11.3.rel1.win32_1.1.100.202309141235/tools/bin/../lib/gcc/arm-none-eabi/11.3.1/../../../../arm-none-eabi/lib/thumb/v7e-m/nofp\libc_nano.a(libc_a-memchr.o)
 .ARM.attributes
                0x00000000000005ed       0x2e D:/ST/STM32CubeIDE_1.14.0/STM32CubeIDE/plugins/com.st.stm32cube.ide.mcu.externaltools.gnu-tools-for-stm32.11.3.rel1.win32_1.1.100.202309141235/tools/bin/../lib/gcc/arm-none-eabi/11.3.1/../../../../arm-none-eabi/lib/thumb/v7e-m/nofp\libc_nano.a(libc_a-memcpy-stub.o)
 .ARM.attributes
                0x000000000000061b       0x2e D:/ST/STM32CubeIDE_1.14.0/STM32CubeIDE/plugins/com.st.stm32cube.ide.mcu.externaltools.gnu-tools-for-stm32.11.3.rel1.win32_1.1.100.202309141235/tools/bin/../lib/gcc/arm-none-eabi/11.3.1/../../../../arm-none-eabi/lib/thumb/v7e-m/nofp\libc_nano.a(libc_a-reallocr.o)
 .ARM.attributes
                0x0000000000000649       0x2e D:/ST/STM32CubeIDE_1.14.0/STM32CubeIDE/plugins/com.st.stm32cube.ide.mcu.externaltools.gnu-tools-for-stm32.11.3.rel1.win32_1.1.100.202309141235/tools/bin/../lib/gcc/arm-none-eabi/11.3.1/../../../../arm-none-eabi/lib/thumb/v7e-m/nofp\libc_nano.a(libc_a-msizer.o)
 .ARM.attributes
                0x0000000000000677       0x1e D:/ST/STM32CubeIDE_1.14.0/STM32CubeIDE/plugins/com.st.stm32cube.ide.mcu.externaltools.gnu-tools-for-stm32.11.3.rel1.win32_1.1.100.202309141235/tools/bin/../lib/gcc/arm-none-eabi/11.3.1/thumb/v7e-m/nofp/crtn.o
OUTPUT(Custom_Bootloader.elf elf32-littlearm)
LOAD linker stubs
LOAD D:/ST/STM32CubeIDE_1.14.0/STM32CubeIDE/plugins/com.st.stm32cube.ide.mcu.externaltools.gnu-tools-for-stm32.11.3.rel1.win32_1.1.100.202309141235/tools/bin/../lib/gcc/arm-none-eabi/11.3.1/../../../../arm-none-eabi/lib/thumb/v7e-m/nofp\libc.a
LOAD D:/ST/STM32CubeIDE_1.14.0/STM32CubeIDE/plugins/com.st.stm32cube.ide.mcu.externaltools.gnu-tools-for-stm32.11.3.rel1.win32_1.1.100.202309141235/tools/bin/../lib/gcc/arm-none-eabi/11.3.1/../../../../arm-none-eabi/lib/thumb/v7e-m/nofp\libm.a
LOAD D:/ST/STM32CubeIDE_1.14.0/STM32CubeIDE/plugins/com.st.stm32cube.ide.mcu.externaltools.gnu-tools-for-stm32.11.3.rel1.win32_1.1.100.202309141235/tools/bin/../lib/gcc/arm-none-eabi/11.3.1/thumb/v7e-m/nofp\libgcc.a

.comment        0x0000000000000000       0x43
 .comment       0x0000000000000000       0x43 D:/ST/STM32CubeIDE_1.14.0/STM32CubeIDE/plugins/com.st.stm32cube.ide.mcu.externaltools.gnu-tools-for-stm32.11.3.rel1.win32_1.1.100.202309141235/tools/bin/../lib/gcc/arm-none-eabi/11.3.1/thumb/v7e-m/nofp/crtbegin.o
                                         0x44 (size before relaxing)
 .comment       0x0000000000000043       0x44 ./BootLoader/Src/bl_ack_nack_impl.o
 .comment       0x0000000000000043       0x44 ./BootLoader/Src/bl_cmd_handling.o
 .comment       0x0000000000000043       0x44 ./BootLoader/Src/bl_cmd_packets.o
 .comment       0x0000000000000043       0x44 ./BootLoader/Src/bl_crc_verification.o
 .comment       0x0000000000000043       0x44 ./BootLoader/Src/bl_response.o
 .comment       0x0000000000000043       0x44 ./BootLoader/Src/bootloader.o
 .comment       0x0000000000000043       0x44 ./BootLoader/Src/crc_calculation.o
 .comment       0x0000000000000043       0x44 ./BootLoader/Src/serailize_packets.o
 .comment       0x0000000000000043       0x44 ./ECUAL/Src/gpio.o
 .comment       0x0000000000000043       0x44 ./ECUAL/Src/uart.o
 .comment       0x0000000000000043       0x44 ./MCAL/Src/gpio_stm32.o
 .comment       0x0000000000000043       0x44 ./MCAL/Src/peripheral_clock.o
 .comment       0x0000000000000043       0x44 ./MCAL/Src/uart_stm32.o
 .comment       0x0000000000000043       0x44 ./Src/inline.o
 .comment       0x0000000000000043       0x44 ./Src/main.o
 .comment       0x0000000000000043       0x44 ./Src/sysmem.o

.debug_info     0x0000000000000000     0x28b1
 .debug_info    0x0000000000000000      0x1a9 ./BootLoader/Src/bl_ack_nack_impl.o
 .debug_info    0x00000000000001a9      0x3ae ./BootLoader/Src/bl_cmd_handling.o
 .debug_info    0x0000000000000557      0x1a2 ./BootLoader/Src/bl_cmd_packets.o
 .debug_info    0x00000000000006f9      0x12e ./BootLoader/Src/bl_crc_verification.o
 .debug_info    0x0000000000000827      0x18e ./BootLoader/Src/bl_response.o
 .debug_info    0x00000000000009b5      0x1a8 ./BootLoader/Src/bootloader.o
 .debug_info    0x0000000000000b5d      0x314 ./BootLoader/Src/crc_calculation.o
 .debug_info    0x0000000000000e71      0x214 ./BootLoader/Src/serailize_packets.o
 .debug_info    0x0000000000001085      0x394 ./ECUAL/Src/gpio.o
 .debug_info    0x0000000000001419      0x26a ./ECUAL/Src/uart.o
 .debug_info    0x0000000000001683      0x42b ./MCAL/Src/gpio_stm32.o
 .debug_info    0x0000000000001aae      0x31e ./MCAL/Src/peripheral_clock.o
 .debug_info    0x0000000000001dcc      0x5c4 ./MCAL/Src/uart_stm32.o
 .debug_info    0x0000000000002390       0xab ./Src/inline.o
 .debug_info    0x000000000000243b      0x2eb ./Src/main.o
 .debug_info    0x0000000000002726      0x168 ./Src/sysmem.o
 .debug_info    0x000000000000288e       0x23 ./Startup/startup_stm32f407vgtx.o

.debug_abbrev   0x0000000000000000     0x10e5
 .debug_abbrev  0x0000000000000000       0xfb ./BootLoader/Src/bl_ack_nack_impl.o
 .debug_abbrev  0x00000000000000fb      0x1b0 ./BootLoader/Src/bl_cmd_handling.o
 .debug_abbrev  0x00000000000002ab      0x10f ./BootLoader/Src/bl_cmd_packets.o
 .debug_abbrev  0x00000000000003ba       0xa5 ./BootLoader/Src/bl_crc_verification.o
 .debug_abbrev  0x000000000000045f       0xda ./BootLoader/Src/bl_response.o
 .debug_abbrev  0x0000000000000539       0xea ./BootLoader/Src/bootloader.o
 .debug_abbrev  0x0000000000000623      0x10a ./BootLoader/Src/crc_calculation.o
 .debug_abbrev  0x000000000000072d       0xf3 ./BootLoader/Src/serailize_packets.o
 .debug_abbrev  0x0000000000000820      0x179 ./ECUAL/Src/gpio.o
 .debug_abbrev  0x0000000000000999       0xf9 ./ECUAL/Src/uart.o
 .debug_abbrev  0x0000000000000a92      0x100 ./MCAL/Src/gpio_stm32.o
 .debug_abbrev  0x0000000000000b92       0xe3 ./MCAL/Src/peripheral_clock.o
 .debug_abbrev  0x0000000000000c75      0x1d5 ./MCAL/Src/uart_stm32.o
 .debug_abbrev  0x0000000000000e4a       0x65 ./Src/inline.o
 .debug_abbrev  0x0000000000000eaf      0x168 ./Src/main.o
 .debug_abbrev  0x0000000000001017       0xbc ./Src/sysmem.o
 .debug_abbrev  0x00000000000010d3       0x12 ./Startup/startup_stm32f407vgtx.o

.debug_aranges  0x0000000000000000      0x2d8
 .debug_aranges
                0x0000000000000000       0x20 ./BootLoader/Src/bl_ack_nack_impl.o
 .debug_aranges
                0x0000000000000020       0x48 ./BootLoader/Src/bl_cmd_handling.o
 .debug_aranges
                0x0000000000000068       0x20 ./BootLoader/Src/bl_cmd_packets.o
 .debug_aranges
                0x0000000000000088       0x20 ./BootLoader/Src/bl_crc_verification.o
 .debug_aranges
                0x00000000000000a8       0x20 ./BootLoader/Src/bl_response.o
 .debug_aranges
                0x00000000000000c8       0x28 ./BootLoader/Src/bootloader.o
 .debug_aranges
                0x00000000000000f0       0x20 ./BootLoader/Src/crc_calculation.o
 .debug_aranges
                0x0000000000000110       0x20 ./BootLoader/Src/serailize_packets.o
 .debug_aranges
                0x0000000000000130       0x30 ./ECUAL/Src/gpio.o
 .debug_aranges
                0x0000000000000160       0x40 ./ECUAL/Src/uart.o
 .debug_aranges
                0x00000000000001a0       0x28 ./MCAL/Src/gpio_stm32.o
 .debug_aranges
                0x00000000000001c8       0x28 ./MCAL/Src/peripheral_clock.o
 .debug_aranges
                0x00000000000001f0       0x58 ./MCAL/Src/uart_stm32.o
 .debug_aranges
                0x0000000000000248       0x20 ./Src/inline.o
 .debug_aranges
                0x0000000000000268       0x28 ./Src/main.o
 .debug_aranges
                0x0000000000000290       0x20 ./Src/sysmem.o
 .debug_aranges
                0x00000000000002b0       0x28 ./Startup/startup_stm32f407vgtx.o

.debug_rnglists
                0x0000000000000000      0x1dc
 .debug_rnglists
                0x0000000000000000       0x13 ./BootLoader/Src/bl_ack_nack_impl.o
 .debug_rnglists
                0x0000000000000013       0x35 ./BootLoader/Src/bl_cmd_handling.o
 .debug_rnglists
                0x0000000000000048       0x14 ./BootLoader/Src/bl_cmd_packets.o
 .debug_rnglists
                0x000000000000005c       0x14 ./BootLoader/Src/bl_crc_verification.o
 .debug_rnglists
                0x0000000000000070       0x13 ./BootLoader/Src/bl_response.o
 .debug_rnglists
                0x0000000000000083       0x19 ./BootLoader/Src/bootloader.o
 .debug_rnglists
                0x000000000000009c       0x14 ./BootLoader/Src/crc_calculation.o
 .debug_rnglists
                0x00000000000000b0       0x13 ./BootLoader/Src/serailize_packets.o
 .debug_rnglists
                0x00000000000000c3       0x20 ./ECUAL/Src/gpio.o
 .debug_rnglists
                0x00000000000000e3       0x2b ./ECUAL/Src/uart.o
 .debug_rnglists
                0x000000000000010e       0x1a ./MCAL/Src/gpio_stm32.o
 .debug_rnglists
                0x0000000000000128       0x1a ./MCAL/Src/peripheral_clock.o
 .debug_rnglists
                0x0000000000000142       0x41 ./MCAL/Src/uart_stm32.o
 .debug_rnglists
                0x0000000000000183       0x13 ./Src/inline.o
 .debug_rnglists
                0x0000000000000196       0x1a ./Src/main.o
 .debug_rnglists
                0x00000000000001b0       0x13 ./Src/sysmem.o
 .debug_rnglists
                0x00000000000001c3       0x19 ./Startup/startup_stm32f407vgtx.o

.debug_macro    0x0000000000000000     0x35fd
 .debug_macro   0x0000000000000000      0x1b7 ./BootLoader/Src/bl_ack_nack_impl.o
 .debug_macro   0x00000000000001b7      0xaa8 ./BootLoader/Src/bl_ack_nack_impl.o
 .debug_macro   0x0000000000000c5f       0x22 ./BootLoader/Src/bl_ack_nack_impl.o
 .debug_macro   0x0000000000000c81       0x8e ./BootLoader/Src/bl_ack_nack_impl.o
 .debug_macro   0x0000000000000d0f       0x51 ./BootLoader/Src/bl_ack_nack_impl.o
 .debug_macro   0x0000000000000d60      0x103 ./BootLoader/Src/bl_ack_nack_impl.o
 .debug_macro   0x0000000000000e63       0x6a ./BootLoader/Src/bl_ack_nack_impl.o
 .debug_macro   0x0000000000000ecd      0x1df ./BootLoader/Src/bl_ack_nack_impl.o
 .debug_macro   0x00000000000010ac       0x61 ./BootLoader/Src/bl_ack_nack_impl.o
 .debug_macro   0x000000000000110d       0x24 ./BootLoader/Src/bl_ack_nack_impl.o
 .debug_macro   0x0000000000001131       0x43 ./BootLoader/Src/bl_ack_nack_impl.o
 .debug_macro   0x0000000000001174       0x34 ./BootLoader/Src/bl_ack_nack_impl.o
 .debug_macro   0x00000000000011a8       0x16 ./BootLoader/Src/bl_ack_nack_impl.o
 .debug_macro   0x00000000000011be       0x97 ./BootLoader/Src/bl_ack_nack_impl.o
 .debug_macro   0x0000000000001255      0x369 ./BootLoader/Src/bl_ack_nack_impl.o
 .debug_macro   0x00000000000015be       0xfd ./BootLoader/Src/bl_ack_nack_impl.o
 .debug_macro   0x00000000000016bb       0x10 ./BootLoader/Src/bl_ack_nack_impl.o
 .debug_macro   0x00000000000016cb       0x16 ./BootLoader/Src/bl_ack_nack_impl.o
 .debug_macro   0x00000000000016e1       0x43 ./BootLoader/Src/bl_ack_nack_impl.o
 .debug_macro   0x0000000000001724       0x34 ./BootLoader/Src/bl_ack_nack_impl.o
 .debug_macro   0x0000000000001758       0x10 ./BootLoader/Src/bl_ack_nack_impl.o
 .debug_macro   0x0000000000001768       0x58 ./BootLoader/Src/bl_ack_nack_impl.o
 .debug_macro   0x00000000000017c0       0x8e ./BootLoader/Src/bl_ack_nack_impl.o
 .debug_macro   0x000000000000184e       0x1c ./BootLoader/Src/bl_ack_nack_impl.o
 .debug_macro   0x000000000000186a      0x177 ./BootLoader/Src/bl_ack_nack_impl.o
 .debug_macro   0x00000000000019e1       0x16 ./BootLoader/Src/bl_ack_nack_impl.o
 .debug_macro   0x00000000000019f7       0x16 ./BootLoader/Src/bl_ack_nack_impl.o
 .debug_macro   0x0000000000001a0d      0x147 ./BootLoader/Src/bl_ack_nack_impl.o
 .debug_macro   0x0000000000001b54      0x2c7 ./BootLoader/Src/bl_ack_nack_impl.o
 .debug_macro   0x0000000000001e1b       0x5e ./BootLoader/Src/bl_ack_nack_impl.o
 .debug_macro   0x0000000000001e79      0x1b7 ./BootLoader/Src/bl_cmd_handling.o
 .debug_macro   0x0000000000002030      0x1d3 ./BootLoader/Src/bl_cmd_packets.o
 .debug_macro   0x0000000000002203      0x172 ./BootLoader/Src/bl_crc_verification.o
 .debug_macro   0x0000000000002375      0x168 ./BootLoader/Src/bl_response.o
 .debug_macro   0x00000000000024dd      0x1b7 ./BootLoader/Src/bootloader.o
 .debug_macro   0x0000000000002694      0x168 ./BootLoader/Src/crc_calculation.o
 .debug_macro   0x00000000000027fc      0x172 ./BootLoader/Src/serailize_packets.o
 .debug_macro   0x000000000000296e      0x172 ./ECUAL/Src/gpio.o
 .debug_macro   0x0000000000002ae0      0x168 ./ECUAL/Src/uart.o
 .debug_macro   0x0000000000002c48      0x172 ./MCAL/Src/gpio_stm32.o
 .debug_macro   0x0000000000002dba      0x168 ./MCAL/Src/peripheral_clock.o
 .debug_macro   0x0000000000002f22      0x168 ./MCAL/Src/uart_stm32.o
 .debug_macro   0x000000000000308a       0x6d ./Src/inline.o
 .debug_macro   0x00000000000030f7      0x1cb ./Src/main.o
 .debug_macro   0x00000000000032c2       0xff ./Src/sysmem.o
 .debug_macro   0x00000000000033c1      0x23c ./Src/sysmem.o

.debug_line     0x0000000000000000     0x7000
 .debug_line    0x0000000000000000      0x73a ./BootLoader/Src/bl_ack_nack_impl.o
 .debug_line    0x000000000000073a      0x928 ./BootLoader/Src/bl_cmd_handling.o
 .debug_line    0x0000000000001062      0x7e2 ./BootLoader/Src/bl_cmd_packets.o
 .debug_line    0x0000000000001844      0x6b1 ./BootLoader/Src/bl_crc_verification.o
 .debug_line    0x0000000000001ef5      0x657 ./BootLoader/Src/bl_response.o
 .debug_line    0x000000000000254c      0x76d ./BootLoader/Src/bootloader.o
 .debug_line    0x0000000000002cb9      0x6d5 ./BootLoader/Src/crc_calculation.o
 .debug_line    0x000000000000338e      0x6a4 ./BootLoader/Src/serailize_packets.o
 .debug_line    0x0000000000003a32      0x6e7 ./ECUAL/Src/gpio.o
 .debug_line    0x0000000000004119      0x6a0 ./ECUAL/Src/uart.o
 .debug_line    0x00000000000047b9      0x771 ./MCAL/Src/gpio_stm32.o
 .debug_line    0x0000000000004f2a      0x6c6 ./MCAL/Src/peripheral_clock.o
 .debug_line    0x00000000000055f0      0x82b ./MCAL/Src/uart_stm32.o
 .debug_line    0x0000000000005e1b      0x421 ./Src/inline.o
 .debug_line    0x000000000000623c      0x7cb ./Src/main.o
 .debug_line    0x0000000000006a07      0x57e ./Src/sysmem.o
 .debug_line    0x0000000000006f85       0x7b ./Startup/startup_stm32f407vgtx.o

.debug_str      0x0000000000000000     0x9379
 .debug_str     0x0000000000000000     0x84a7 ./BootLoader/Src/bl_ack_nack_impl.o
                                       0x869a (size before relaxing)
 .debug_str     0x00000000000084a7      0x158 ./BootLoader/Src/bl_cmd_handling.o
                                       0x87bf (size before relaxing)
 .debug_str     0x00000000000085ff       0xb5 ./BootLoader/Src/bl_cmd_packets.o
                                       0x86a7 (size before relaxing)
 .debug_str     0x00000000000086b4       0x68 ./BootLoader/Src/bl_crc_verification.o
                                       0x84e0 (size before relaxing)
 .debug_str     0x000000000000871c       0x37 ./BootLoader/Src/bl_response.o
                                       0x84ec (size before relaxing)
 .debug_str     0x0000000000008753       0xb2 ./BootLoader/Src/bootloader.o
                                       0x8702 (size before relaxing)
 .debug_str     0x0000000000008805      0x161 ./BootLoader/Src/crc_calculation.o
                                       0x85b9 (size before relaxing)
 .debug_str     0x0000000000008966       0x41 ./BootLoader/Src/serailize_packets.o
                                       0x8542 (size before relaxing)
 .debug_str     0x00000000000089a7      0x204 ./ECUAL/Src/gpio.o
                                       0x8627 (size before relaxing)
 .debug_str     0x0000000000008bab       0xbe ./ECUAL/Src/uart.o
                                       0x8592 (size before relaxing)
 .debug_str     0x0000000000008c69       0x37 ./MCAL/Src/gpio_stm32.o
                                       0x86a4 (size before relaxing)
 .debug_str     0x0000000000008ca0       0xb6 ./MCAL/Src/peripheral_clock.o
                                       0x85f7 (size before relaxing)
 .debug_str     0x0000000000008d56       0xc6 ./MCAL/Src/uart_stm32.o
                                       0x8776 (size before relaxing)
 .debug_str     0x0000000000008e1c       0x1d ./Src/inline.o
                                       0x3cf2 (size before relaxing)
 .debug_str     0x0000000000008e39       0x3a ./Src/main.o
                                       0x8792 (size before relaxing)
 .debug_str     0x0000000000008e73      0x4d7 ./Src/sysmem.o
                                       0x602a (size before relaxing)
 .debug_str     0x000000000000934a       0x2f ./Startup/startup_stm32f407vgtx.o
                                         0x78 (size before relaxing)

.debug_frame    0x0000000000000000      0xbd0
 .debug_frame   0x0000000000000000       0x34 ./BootLoader/Src/bl_ack_nack_impl.o
 .debug_frame   0x0000000000000034       0xec ./BootLoader/Src/bl_cmd_handling.o
 .debug_frame   0x0000000000000120       0x34 ./BootLoader/Src/bl_cmd_packets.o
 .debug_frame   0x0000000000000154       0x34 ./BootLoader/Src/bl_crc_verification.o
 .debug_frame   0x0000000000000188       0x34 ./BootLoader/Src/bl_response.o
 .debug_frame   0x00000000000001bc       0x58 ./BootLoader/Src/bootloader.o
 .debug_frame   0x0000000000000214       0x38 ./BootLoader/Src/crc_calculation.o
 .debug_frame   0x000000000000024c       0x38 ./BootLoader/Src/serailize_packets.o
 .debug_frame   0x0000000000000284       0x7c ./ECUAL/Src/gpio.o
 .debug_frame   0x0000000000000300       0xbc ./ECUAL/Src/uart.o
 .debug_frame   0x00000000000003bc       0x5c ./MCAL/Src/gpio_stm32.o
 .debug_frame   0x0000000000000418       0x54 ./MCAL/Src/peripheral_clock.o
 .debug_frame   0x000000000000046c      0x140 ./MCAL/Src/uart_stm32.o
 .debug_frame   0x00000000000005ac       0x38 ./Src/inline.o
 .debug_frame   0x00000000000005e4       0x54 ./Src/main.o
 .debug_frame   0x0000000000000638       0x34 ./Src/sysmem.o
 .debug_frame   0x000000000000066c      0x144 D:/ST/STM32CubeIDE_1.14.0/STM32CubeIDE/plugins/com.st.stm32cube.ide.mcu.externaltools.gnu-tools-for-stm32.11.3.rel1.win32_1.1.100.202309141235/tools/bin/../lib/gcc/arm-none-eabi/11.3.1/../../../../arm-none-eabi/lib/thumb/v7e-m/nofp\libc_nano.a(libc_a-findfp.o)
 .debug_frame   0x00000000000007b0       0x6c D:/ST/STM32CubeIDE_1.14.0/STM32CubeIDE/plugins/com.st.stm32cube.ide.mcu.externaltools.gnu-tools-for-stm32.11.3.rel1.win32_1.1.100.202309141235/tools/bin/../lib/gcc/arm-none-eabi/11.3.1/../../../../arm-none-eabi/lib/thumb/v7e-m/nofp\libc_nano.a(libc_a-sprintf.o)
 .debug_frame   0x000000000000081c       0x38 D:/ST/STM32CubeIDE_1.14.0/STM32CubeIDE/plugins/com.st.stm32cube.ide.mcu.externaltools.gnu-tools-for-stm32.11.3.rel1.win32_1.1.100.202309141235/tools/bin/../lib/gcc/arm-none-eabi/11.3.1/../../../../arm-none-eabi/lib/thumb/v7e-m/nofp\libc_nano.a(libc_a-reent.o)
 .debug_frame   0x0000000000000854       0x20 D:/ST/STM32CubeIDE_1.14.0/STM32CubeIDE/plugins/com.st.stm32cube.ide.mcu.externaltools.gnu-tools-for-stm32.11.3.rel1.win32_1.1.100.202309141235/tools/bin/../lib/gcc/arm-none-eabi/11.3.1/../../../../arm-none-eabi/lib/thumb/v7e-m/nofp\libc_nano.a(libc_a-errno.o)
 .debug_frame   0x0000000000000874       0x2c D:/ST/STM32CubeIDE_1.14.0/STM32CubeIDE/plugins/com.st.stm32cube.ide.mcu.externaltools.gnu-tools-for-stm32.11.3.rel1.win32_1.1.100.202309141235/tools/bin/../lib/gcc/arm-none-eabi/11.3.1/../../../../arm-none-eabi/lib/thumb/v7e-m/nofp\libc_nano.a(libc_a-init.o)
 .debug_frame   0x00000000000008a0       0xb0 D:/ST/STM32CubeIDE_1.14.0/STM32CubeIDE/plugins/com.st.stm32cube.ide.mcu.externaltools.gnu-tools-for-stm32.11.3.rel1.win32_1.1.100.202309141235/tools/bin/../lib/gcc/arm-none-eabi/11.3.1/../../../../arm-none-eabi/lib/thumb/v7e-m/nofp\libc_nano.a(libc_a-lock.o)
 .debug_frame   0x0000000000000950       0x38 D:/ST/STM32CubeIDE_1.14.0/STM32CubeIDE/plugins/com.st.stm32cube.ide.mcu.externaltools.gnu-tools-for-stm32.11.3.rel1.win32_1.1.100.202309141235/tools/bin/../lib/gcc/arm-none-eabi/11.3.1/../../../../arm-none-eabi/lib/thumb/v7e-m/nofp\libc_nano.a(libc_a-freer.o)
 .debug_frame   0x0000000000000988       0x50 D:/ST/STM32CubeIDE_1.14.0/STM32CubeIDE/plugins/com.st.stm32cube.ide.mcu.externaltools.gnu-tools-for-stm32.11.3.rel1.win32_1.1.100.202309141235/tools/bin/../lib/gcc/arm-none-eabi/11.3.1/../../../../arm-none-eabi/lib/thumb/v7e-m/nofp\libc_nano.a(libc_a-mallocr.o)
 .debug_frame   0x00000000000009d8       0x30 D:/ST/STM32CubeIDE_1.14.0/STM32CubeIDE/plugins/com.st.stm32cube.ide.mcu.externaltools.gnu-tools-for-stm32.11.3.rel1.win32_1.1.100.202309141235/tools/bin/../lib/gcc/arm-none-eabi/11.3.1/../../../../arm-none-eabi/lib/thumb/v7e-m/nofp\libc_nano.a(libc_a-mlock.o)
 .debug_frame   0x0000000000000a08       0x90 D:/ST/STM32CubeIDE_1.14.0/STM32CubeIDE/plugins/com.st.stm32cube.ide.mcu.externaltools.gnu-tools-for-stm32.11.3.rel1.win32_1.1.100.202309141235/tools/bin/../lib/gcc/arm-none-eabi/11.3.1/../../../../arm-none-eabi/lib/thumb/v7e-m/nofp\libc_nano.a(libc_a-nano-svfprintf.o)
 .debug_frame   0x0000000000000a98       0x60 D:/ST/STM32CubeIDE_1.14.0/STM32CubeIDE/plugins/com.st.stm32cube.ide.mcu.externaltools.gnu-tools-for-stm32.11.3.rel1.win32_1.1.100.202309141235/tools/bin/../lib/gcc/arm-none-eabi/11.3.1/../../../../arm-none-eabi/lib/thumb/v7e-m/nofp\libc_nano.a(libc_a-nano-vfprintf_i.o)
 .debug_frame   0x0000000000000af8       0x28 D:/ST/STM32CubeIDE_1.14.0/STM32CubeIDE/plugins/com.st.stm32cube.ide.mcu.externaltools.gnu-tools-for-stm32.11.3.rel1.win32_1.1.100.202309141235/tools/bin/../lib/gcc/arm-none-eabi/11.3.1/../../../../arm-none-eabi/lib/thumb/v7e-m/nofp\libc_nano.a(libc_a-memmove.o)
 .debug_frame   0x0000000000000b20       0x2c D:/ST/STM32CubeIDE_1.14.0/STM32CubeIDE/plugins/com.st.stm32cube.ide.mcu.externaltools.gnu-tools-for-stm32.11.3.rel1.win32_1.1.100.202309141235/tools/bin/../lib/gcc/arm-none-eabi/11.3.1/../../../../arm-none-eabi/lib/thumb/v7e-m/nofp\libc_nano.a(libc_a-sbrkr.o)
 .debug_frame   0x0000000000000b4c       0x28 D:/ST/STM32CubeIDE_1.14.0/STM32CubeIDE/plugins/com.st.stm32cube.ide.mcu.externaltools.gnu-tools-for-stm32.11.3.rel1.win32_1.1.100.202309141235/tools/bin/../lib/gcc/arm-none-eabi/11.3.1/../../../../arm-none-eabi/lib/thumb/v7e-m/nofp\libc_nano.a(libc_a-memcpy-stub.o)
 .debug_frame   0x0000000000000b74       0x3c D:/ST/STM32CubeIDE_1.14.0/STM32CubeIDE/plugins/com.st.stm32cube.ide.mcu.externaltools.gnu-tools-for-stm32.11.3.rel1.win32_1.1.100.202309141235/tools/bin/../lib/gcc/arm-none-eabi/11.3.1/../../../../arm-none-eabi/lib/thumb/v7e-m/nofp\libc_nano.a(libc_a-reallocr.o)
 .debug_frame   0x0000000000000bb0       0x20 D:/ST/STM32CubeIDE_1.14.0/STM32CubeIDE/plugins/com.st.stm32cube.ide.mcu.externaltools.gnu-tools-for-stm32.11.3.rel1.win32_1.1.100.202309141235/tools/bin/../lib/gcc/arm-none-eabi/11.3.1/../../../../arm-none-eabi/lib/thumb/v7e-m/nofp\libc_nano.a(libc_a-msizer.o)

.debug_line_str
                0x0000000000000000       0x6c
 .debug_line_str
                0x0000000000000000       0x6c ./Startup/startup_stm32f407vgtx.o
                                         0x84 (size before relaxing)
